--------------------------------------------------------------------------------
Release 14.7 Trace  (lin64)
Copyright (c) 1995-2013 Xilinx, Inc.  All rights reserved.

/opt/Xilinx/14.7/ISE_DS/ISE/bin/lin64/unwrapped/trce -intstyle ise -v 3 -s 5 -n
3 -fastpaths -xml movingaverage.twx movingaverage.ncd -o movingaverage.twr
movingaverage.pcf

Design file:              movingaverage.ncd
Physical constraint file: movingaverage.pcf
Device,package,speed:     xc3s500e,fg320,-5 (PRODUCTION 1.27 2013-10-13)
Report level:             verbose report

Environment Variable      Effect 
--------------------      ------ 
NONE                      No environment variables were set
--------------------------------------------------------------------------------

INFO:Timing:2698 - No timing constraints found, doing default enumeration.
INFO:Timing:3412 - To improve timing, see the Timing Closure User Guide (UG612).
INFO:Timing:2752 - To get complete path coverage, use the unconstrained paths 
   option. All paths that are not constrained will be reported in the 
   unconstrained paths section(s) of the report.
INFO:Timing:3339 - The clock-to-out numbers in this timing report are based on 
   a 50 Ohm transmission line loading model.  For the details of this model, 
   and for more information on accounting for different loading conditions, 
   please see the device datasheet.
INFO:Timing:3390 - This architecture does not support a default System Jitter 
   value, please add SYSTEM_JITTER constraint to the UCF to modify the Clock 
   Uncertainty calculation.
INFO:Timing:3389 - This architecture does not support 'Discrete Jitter' and 
   'Phase Error' calculations, these terms will be zero in the Clock 
   Uncertainty calculation.  Please make appropriate modification to 
   SYSTEM_JITTER to account for the unsupported Discrete Jitter and Phase 
   Error.



Data Sheet report:
-----------------
All values displayed in nanoseconds (ns)

Setup/Hold to clock clk
------------+------------+------------+------------------+--------+
            |Max Setup to|Max Hold to |                  | Clock  |
Source      | clk (edge) | clk (edge) |Internal Clock(s) | Phase  |
------------+------------+------------+------------------+--------+
sin<0>      |    0.535(R)|    0.694(R)|clk_BUFGP         |   0.000|
sin<1>      |    0.221(R)|    0.945(R)|clk_BUFGP         |   0.000|
sin<2>      |   -0.437(R)|    1.483(R)|clk_BUFGP         |   0.000|
sin<3>      |   -0.239(R)|    1.325(R)|clk_BUFGP         |   0.000|
sin<4>      |   -0.177(R)|    1.269(R)|clk_BUFGP         |   0.000|
sin<5>      |    0.032(R)|    1.102(R)|clk_BUFGP         |   0.000|
sin<6>      |    0.265(R)|    0.919(R)|clk_BUFGP         |   0.000|
sin<7>      |   -0.429(R)|    1.474(R)|clk_BUFGP         |   0.000|
sin<8>      |   -0.420(R)|    1.464(R)|clk_BUFGP         |   0.000|
sin<9>      |    0.350(R)|    0.848(R)|clk_BUFGP         |   0.000|
sin<10>     |    1.326(R)|    0.064(R)|clk_BUFGP         |   0.000|
------------+------------+------------+------------------+--------+

Clock to Setup on destination clock clk
---------------+---------+---------+---------+---------+
               | Src:Rise| Src:Fall| Src:Rise| Src:Fall|
Source Clock   |Dest:Rise|Dest:Rise|Dest:Fall|Dest:Fall|
---------------+---------+---------+---------+---------+
clk            |    1.893|         |         |         |
---------------+---------+---------+---------+---------+


Analysis completed Wed Dec 14 23:09:46 2016 
--------------------------------------------------------------------------------

Trace Settings:
-------------------------
Trace Settings 

Peak Memory Usage: 351 MB



