AR counter4to2 behavioral /home/shankuan/computer_new/MovingAverageFilter/Counter4to2.vhd sub00/vhpl05 1481753346
AR inputreg behavioral /home/shankuan/computer_new/MovingAverageFilter/InputReg.vhd sub00/vhpl13 1481753354
EN inputreg NULL /home/shankuan/computer_new/MovingAverageFilter/InputReg.vhd sub00/vhpl12 1481753353
EN cla NULL /home/shankuan/computer_new/MovingAverageFilter/CLA.vhd sub00/vhpl02 1481753343
AR claadder15bits behavioral /home/shankuan/computer_new/MovingAverageFilter/CLAAdder15Bits.vhd sub00/vhpl09 1481753350
EN operandadder NULL /home/shankuan/computer_new/MovingAverageFilter/OperandAdder.vhd sub00/vhpl14 1481753355
EN fulladder NULL /home/shankuan/computer_new/MovingAverageFilter/FullAdder.vhd sub00/vhpl00 1481753341
AR movingaverage behavioral /home/shankuan/computer_new/MovingAverageFilter/movingaverage.vhd sub00/vhpl17 1481753358
EN carrysaveadder NULL /home/shankuan/computer_new/MovingAverageFilter/CarrySaveAdder.vhd sub00/vhpl06 1481753347
EN reg11bits NULL /home/shankuan/computer_new/MovingAverageFilter/Reg11bits.vhd sub00/vhpl10 1481753351
AR reg11bits behavioral /home/shankuan/computer_new/MovingAverageFilter/Reg11bits.vhd sub00/vhpl11 1481753352
EN claadder15bits NULL /home/shankuan/computer_new/MovingAverageFilter/CLAAdder15Bits.vhd sub00/vhpl08 1481753349
AR operandadder behavioral /home/shankuan/computer_new/MovingAverageFilter/OperandAdder.vhd sub00/vhpl15 1481753356
EN counter4to2 NULL /home/shankuan/computer_new/MovingAverageFilter/Counter4to2.vhd sub00/vhpl04 1481753345
AR cla behavioral /home/shankuan/computer_new/MovingAverageFilter/CLA.vhd sub00/vhpl03 1481753344
EN movingaverage NULL /home/shankuan/computer_new/MovingAverageFilter/movingaverage.vhd sub00/vhpl16 1481753357
AR carrysaveadder behavioral /home/shankuan/computer_new/MovingAverageFilter/CarrySaveAdder.vhd sub00/vhpl07 1481753348
AR fulladder behavioral /home/shankuan/computer_new/MovingAverageFilter/FullAdder.vhd sub00/vhpl01 1481753342
