--------------------------------------------------------------------------------
Release 14.7 Trace  (nt64)
Copyright (c) 1995-2013 Xilinx, Inc.  All rights reserved.

D:\Xilinx\14.7\ISE_DS\ISE\bin\nt64\unwrapped\trce.exe -intstyle ise -v 3 -s 5
-n 3 -fastpaths -xml CLAAdder16Bits.twx CLAAdder16Bits.ncd -o
CLAAdder16Bits.twr CLAAdder16Bits.pcf

Design file:              CLAAdder16Bits.ncd
Physical constraint file: CLAAdder16Bits.pcf
Device,package,speed:     xc3s500e,fg320,-5 (PRODUCTION 1.27 2013-10-13)
Report level:             verbose report

Environment Variable      Effect 
--------------------      ------ 
NONE                      No environment variables were set
--------------------------------------------------------------------------------

INFO:Timing:2698 - No timing constraints found, doing default enumeration.
INFO:Timing:3412 - To improve timing, see the Timing Closure User Guide (UG612).
INFO:Timing:2752 - To get complete path coverage, use the unconstrained paths 
   option. All paths that are not constrained will be reported in the 
   unconstrained paths section(s) of the report.
INFO:Timing:3339 - The clock-to-out numbers in this timing report are based on 
   a 50 Ohm transmission line loading model.  For the details of this model, 
   and for more information on accounting for different loading conditions, 
   please see the device datasheet.
INFO:Timing:3390 - This architecture does not support a default System Jitter 
   value, please add SYSTEM_JITTER constraint to the UCF to modify the Clock 
   Uncertainty calculation.
INFO:Timing:3389 - This architecture does not support 'Discrete Jitter' and 
   'Phase Error' calculations, these terms will be zero in the Clock 
   Uncertainty calculation.  Please make appropriate modification to 
   SYSTEM_JITTER to account for the unsupported Discrete Jitter and Phase 
   Error.



Data Sheet report:
-----------------
All values displayed in nanoseconds (ns)

Pad to Pad
---------------+---------------+---------+
Source Pad     |Destination Pad|  Delay  |
---------------+---------------+---------+
a<0>           |s<0>           |    6.395|
a<0>           |s<1>           |    6.764|
a<0>           |s<2>           |    8.682|
a<0>           |s<3>           |    9.702|
a<0>           |s<4>           |   10.774|
a<0>           |s<5>           |   11.332|
a<0>           |s<6>           |   12.105|
a<0>           |s<7>           |   13.235|
a<0>           |s<8>           |   13.097|
a<0>           |s<9>           |   14.489|
a<0>           |s<10>          |   14.649|
a<0>           |s<11>          |   15.952|
a<0>           |s<12>          |   16.831|
a<0>           |s<13>          |   17.884|
a<0>           |s<14>          |   18.839|
a<0>           |s<15>          |   19.356|
a<1>           |s<1>           |    5.767|
a<1>           |s<2>           |    7.891|
a<1>           |s<3>           |    8.911|
a<1>           |s<4>           |    9.983|
a<1>           |s<5>           |   10.541|
a<1>           |s<6>           |   11.314|
a<1>           |s<7>           |   12.444|
a<1>           |s<8>           |   12.306|
a<1>           |s<9>           |   13.698|
a<1>           |s<10>          |   13.858|
a<1>           |s<11>          |   15.161|
a<1>           |s<12>          |   16.040|
a<1>           |s<13>          |   17.093|
a<1>           |s<14>          |   18.048|
a<1>           |s<15>          |   18.565|
a<2>           |s<2>           |    6.867|
a<2>           |s<3>           |    8.015|
a<2>           |s<4>           |    9.087|
a<2>           |s<5>           |    9.645|
a<2>           |s<6>           |   10.418|
a<2>           |s<7>           |   11.548|
a<2>           |s<8>           |   11.410|
a<2>           |s<9>           |   12.802|
a<2>           |s<10>          |   12.962|
a<2>           |s<11>          |   14.265|
a<2>           |s<12>          |   15.144|
a<2>           |s<13>          |   16.197|
a<2>           |s<14>          |   17.152|
a<2>           |s<15>          |   17.669|
a<3>           |s<3>           |    6.316|
a<3>           |s<4>           |    7.732|
a<3>           |s<5>           |    8.290|
a<3>           |s<6>           |    9.063|
a<3>           |s<7>           |   10.193|
a<3>           |s<8>           |   10.055|
a<3>           |s<9>           |   11.447|
a<3>           |s<10>          |   11.607|
a<3>           |s<11>          |   12.910|
a<3>           |s<12>          |   13.789|
a<3>           |s<13>          |   14.842|
a<3>           |s<14>          |   15.797|
a<3>           |s<15>          |   16.314|
a<4>           |s<4>           |    6.926|
a<4>           |s<5>           |    7.672|
a<4>           |s<6>           |    8.445|
a<4>           |s<7>           |    9.575|
a<4>           |s<8>           |    9.437|
a<4>           |s<9>           |   10.829|
a<4>           |s<10>          |   10.989|
a<4>           |s<11>          |   12.292|
a<4>           |s<12>          |   13.171|
a<4>           |s<13>          |   14.224|
a<4>           |s<14>          |   15.179|
a<4>           |s<15>          |   15.696|
a<5>           |s<5>           |    6.173|
a<5>           |s<6>           |    7.257|
a<5>           |s<7>           |    8.387|
a<5>           |s<8>           |    8.249|
a<5>           |s<9>           |    9.641|
a<5>           |s<10>          |    9.801|
a<5>           |s<11>          |   11.104|
a<5>           |s<12>          |   11.983|
a<5>           |s<13>          |   13.036|
a<5>           |s<14>          |   13.991|
a<5>           |s<15>          |   14.508|
a<6>           |s<6>           |    6.520|
a<6>           |s<7>           |    7.787|
a<6>           |s<8>           |    7.649|
a<6>           |s<9>           |    9.041|
a<6>           |s<10>          |    9.201|
a<6>           |s<11>          |   10.504|
a<6>           |s<12>          |   11.383|
a<6>           |s<13>          |   12.436|
a<6>           |s<14>          |   13.391|
a<6>           |s<15>          |   13.908|
a<7>           |s<7>           |    6.200|
a<7>           |s<8>           |    6.199|
a<7>           |s<9>           |    7.591|
a<7>           |s<10>          |    7.751|
a<7>           |s<11>          |    9.054|
a<7>           |s<12>          |    9.933|
a<7>           |s<13>          |   10.986|
a<7>           |s<14>          |   11.941|
a<7>           |s<15>          |   12.458|
a<8>           |s<8>           |    5.801|
a<8>           |s<9>           |    7.311|
a<8>           |s<10>          |    7.471|
a<8>           |s<11>          |    8.774|
a<8>           |s<12>          |    9.653|
a<8>           |s<13>          |   10.706|
a<8>           |s<14>          |   11.661|
a<8>           |s<15>          |   12.178|
a<9>           |s<9>           |    6.892|
a<9>           |s<10>          |    6.958|
a<9>           |s<11>          |    8.261|
a<9>           |s<12>          |    9.140|
a<9>           |s<13>          |   10.193|
a<9>           |s<14>          |   11.148|
a<9>           |s<15>          |   11.665|
a<10>          |s<10>          |    5.540|
a<10>          |s<11>          |    6.980|
a<10>          |s<12>          |    7.859|
a<10>          |s<13>          |    8.912|
a<10>          |s<14>          |    9.867|
a<10>          |s<15>          |   10.384|
a<11>          |s<11>          |    5.728|
a<11>          |s<12>          |    6.559|
a<11>          |s<13>          |    7.612|
a<11>          |s<14>          |    8.567|
a<11>          |s<15>          |    9.084|
a<12>          |s<12>          |    5.324|
a<12>          |s<13>          |    6.723|
a<12>          |s<14>          |    7.678|
a<12>          |s<15>          |    8.195|
a<13>          |s<13>          |    5.686|
a<13>          |s<14>          |    6.728|
a<13>          |s<15>          |    7.245|
a<14>          |s<14>          |    5.831|
a<14>          |s<15>          |    6.220|
a<15>          |s<15>          |    6.515|
b<0>           |s<0>           |    6.719|
b<0>           |s<1>           |    7.221|
b<0>           |s<2>           |    9.139|
b<0>           |s<3>           |   10.159|
b<0>           |s<4>           |   11.231|
b<0>           |s<5>           |   11.789|
b<0>           |s<6>           |   12.562|
b<0>           |s<7>           |   13.692|
b<0>           |s<8>           |   13.554|
b<0>           |s<9>           |   14.946|
b<0>           |s<10>          |   15.106|
b<0>           |s<11>          |   16.409|
b<0>           |s<12>          |   17.288|
b<0>           |s<13>          |   18.341|
b<0>           |s<14>          |   19.296|
b<0>           |s<15>          |   19.813|
b<1>           |s<1>           |    6.019|
b<1>           |s<2>           |    7.411|
b<1>           |s<3>           |    8.431|
b<1>           |s<4>           |    9.503|
b<1>           |s<5>           |   10.061|
b<1>           |s<6>           |   10.834|
b<1>           |s<7>           |   11.964|
b<1>           |s<8>           |   11.826|
b<1>           |s<9>           |   13.218|
b<1>           |s<10>          |   13.378|
b<1>           |s<11>          |   14.681|
b<1>           |s<12>          |   15.560|
b<1>           |s<13>          |   16.613|
b<1>           |s<14>          |   17.568|
b<1>           |s<15>          |   18.085|
b<2>           |s<2>           |    7.013|
b<2>           |s<3>           |    7.929|
b<2>           |s<4>           |    9.001|
b<2>           |s<5>           |    9.559|
b<2>           |s<6>           |   10.332|
b<2>           |s<7>           |   11.462|
b<2>           |s<8>           |   11.324|
b<2>           |s<9>           |   12.716|
b<2>           |s<10>          |   12.876|
b<2>           |s<11>          |   14.179|
b<2>           |s<12>          |   15.058|
b<2>           |s<13>          |   16.111|
b<2>           |s<14>          |   17.066|
b<2>           |s<15>          |   17.583|
b<3>           |s<3>           |    6.497|
b<3>           |s<4>           |    7.492|
b<3>           |s<5>           |    8.050|
b<3>           |s<6>           |    8.823|
b<3>           |s<7>           |    9.953|
b<3>           |s<8>           |    9.815|
b<3>           |s<9>           |   11.207|
b<3>           |s<10>          |   11.367|
b<3>           |s<11>          |   12.670|
b<3>           |s<12>          |   13.549|
b<3>           |s<13>          |   14.602|
b<3>           |s<14>          |   15.557|
b<3>           |s<15>          |   16.074|
b<4>           |s<4>           |    6.699|
b<4>           |s<5>           |    7.966|
b<4>           |s<6>           |    8.739|
b<4>           |s<7>           |    9.869|
b<4>           |s<8>           |    9.731|
b<4>           |s<9>           |   11.123|
b<4>           |s<10>          |   11.283|
b<4>           |s<11>          |   12.586|
b<4>           |s<12>          |   13.465|
b<4>           |s<13>          |   14.518|
b<4>           |s<14>          |   15.473|
b<4>           |s<15>          |   15.990|
b<5>           |s<5>           |    6.771|
b<5>           |s<6>           |    7.730|
b<5>           |s<7>           |    8.860|
b<5>           |s<8>           |    8.722|
b<5>           |s<9>           |   10.114|
b<5>           |s<10>          |   10.274|
b<5>           |s<11>          |   11.577|
b<5>           |s<12>          |   12.456|
b<5>           |s<13>          |   13.509|
b<5>           |s<14>          |   14.464|
b<5>           |s<15>          |   14.981|
b<6>           |s<6>           |    7.394|
b<6>           |s<7>           |    8.513|
b<6>           |s<8>           |    8.375|
b<6>           |s<9>           |    9.767|
b<6>           |s<10>          |    9.927|
b<6>           |s<11>          |   11.230|
b<6>           |s<12>          |   12.109|
b<6>           |s<13>          |   13.162|
b<6>           |s<14>          |   14.117|
b<6>           |s<15>          |   14.634|
b<7>           |s<7>           |    7.115|
b<7>           |s<8>           |    6.800|
b<7>           |s<9>           |    8.192|
b<7>           |s<10>          |    8.352|
b<7>           |s<11>          |    9.655|
b<7>           |s<12>          |   10.534|
b<7>           |s<13>          |   11.587|
b<7>           |s<14>          |   12.542|
b<7>           |s<15>          |   13.059|
b<8>           |s<8>           |    6.286|
b<8>           |s<9>           |    7.823|
b<8>           |s<10>          |    7.983|
b<8>           |s<11>          |    9.286|
b<8>           |s<12>          |   10.165|
b<8>           |s<13>          |   11.218|
b<8>           |s<14>          |   12.173|
b<8>           |s<15>          |   12.690|
b<9>           |s<9>           |    6.629|
b<9>           |s<10>          |    6.615|
b<9>           |s<11>          |    7.918|
b<9>           |s<12>          |    8.797|
b<9>           |s<13>          |    9.850|
b<9>           |s<14>          |   10.805|
b<9>           |s<15>          |   11.322|
b<10>          |s<10>          |    6.464|
b<10>          |s<11>          |    7.912|
b<10>          |s<12>          |    8.791|
b<10>          |s<13>          |    9.844|
b<10>          |s<14>          |   10.799|
b<10>          |s<15>          |   11.316|
b<11>          |s<11>          |    6.296|
b<11>          |s<12>          |    7.032|
b<11>          |s<13>          |    8.085|
b<11>          |s<14>          |    9.040|
b<11>          |s<15>          |    9.557|
b<12>          |s<12>          |    6.094|
b<12>          |s<13>          |    7.772|
b<12>          |s<14>          |    8.727|
b<12>          |s<15>          |    9.244|
b<13>          |s<13>          |    6.525|
b<13>          |s<14>          |    7.256|
b<13>          |s<15>          |    7.773|
b<14>          |s<14>          |    6.736|
b<14>          |s<15>          |    6.951|
b<15>          |s<15>          |    7.051|
c              |s<0>           |    6.488|
c              |s<1>           |    7.038|
c              |s<2>           |    8.956|
c              |s<3>           |    9.976|
c              |s<4>           |   11.048|
c              |s<5>           |   11.606|
c              |s<6>           |   12.379|
c              |s<7>           |   13.509|
c              |s<8>           |   13.371|
c              |s<9>           |   14.763|
c              |s<10>          |   14.923|
c              |s<11>          |   16.226|
c              |s<12>          |   17.105|
c              |s<13>          |   18.158|
c              |s<14>          |   19.113|
c              |s<15>          |   19.630|
---------------+---------------+---------+


Analysis completed Sat Jan 21 17:13:48 2017 
--------------------------------------------------------------------------------

Trace Settings:
-------------------------
Trace Settings 

Peak Memory Usage: 178 MB



