V3 7
FL /afs/tu-berlin.de/home/b/barracuda1994/irb-ubuntu/CLAAdder/CLA.vhd 2016/11/18.17:46:59 P.58f
EN work/CLA 1479487939 \
      FL /afs/tu-berlin.de/home/b/barracuda1994/irb-ubuntu/CLAAdder/CLA.vhd \
      PB ieee/std_logic_1164 1364358218
AR work/CLA/Behavioral 1479487940 \
      FL /afs/tu-berlin.de/home/b/barracuda1994/irb-ubuntu/CLAAdder/CLA.vhd \
      EN work/CLA 1479487939
FL /afs/tu-berlin.de/home/b/barracuda1994/irb-ubuntu/CLAAdder/CLAAdder8Bits.vhd 2016/11/18.17:52:13 P.58f
EN work/CLAAdder8Bits 1479487941 \
      FL /afs/tu-berlin.de/home/b/barracuda1994/irb-ubuntu/CLAAdder/CLAAdder8Bits.vhd \
      PB ieee/std_logic_1164 1364358218
AR work/CLAAdder8Bits/Behavioral 1479487942 \
      FL /afs/tu-berlin.de/home/b/barracuda1994/irb-ubuntu/CLAAdder/CLAAdder8Bits.vhd \
      EN work/CLAAdder8Bits 1479487941 CP CLA
