EN selector1 NULL /afs/tu-berlin.de/home/b/barracuda1994/irb-ubuntu/ConSum/Selector1.vhd sub00/vhpl04 1479480772
EN selector2 NULL /afs/tu-berlin.de/home/b/barracuda1994/irb-ubuntu/ConSum/Selector2.vhd sub00/vhpl06 1479480774
EN selector3 NULL /afs/tu-berlin.de/home/b/barracuda1994/irb-ubuntu/ConSum/Selector3.vhd sub00/vhpl08 1479480776
AR resultgen behavioral /afs/tu-berlin.de/home/b/barracuda1994/irb-ubuntu/ConSum/ResultGen.vhd sub00/vhpl03 1479480771
EN halfadder NULL /afs/tu-berlin.de/home/b/barracuda1994/irb-ubuntu/ConSum/HalfAdder.vhd sub00/vhpl00 1479480768
AR selector2 behavioral /afs/tu-berlin.de/home/b/barracuda1994/irb-ubuntu/ConSum/Selector2.vhd sub00/vhpl07 1479480775
AR consum_8bits behavioral /afs/tu-berlin.de/home/b/barracuda1994/irb-ubuntu/ConSum/ComSum_8bits.vhd sub00/vhpl11 1479480779
EN consum_8bits NULL /afs/tu-berlin.de/home/b/barracuda1994/irb-ubuntu/ConSum/ComSum_8bits.vhd sub00/vhpl10 1479480778
AR selector3 behavioral /afs/tu-berlin.de/home/b/barracuda1994/irb-ubuntu/ConSum/Selector3.vhd sub00/vhpl09 1479480777
AR halfadder behavioral /afs/tu-berlin.de/home/b/barracuda1994/irb-ubuntu/ConSum/HalfAdder.vhd sub00/vhpl01 1479480769
AR selector1 behavioral /afs/tu-berlin.de/home/b/barracuda1994/irb-ubuntu/ConSum/Selector1.vhd sub00/vhpl05 1479480773
EN resultgen NULL /afs/tu-berlin.de/home/b/barracuda1994/irb-ubuntu/ConSum/ResultGen.vhd sub00/vhpl02 1479480770
