V3 23
FL /afs/tu-berlin.de/home/b/barracuda1994/irb-ubuntu/ConSum/ComSum_8bits.vhd 2016/11/18.15:50:25 P.58f
EN work/ConSum_8bits 1479480778 \
      FL /afs/tu-berlin.de/home/b/barracuda1994/irb-ubuntu/ConSum/ComSum_8bits.vhd \
      PB ieee/std_logic_1164 1364358218
AR work/ConSum_8bits/Behavioral 1479480779 \
      FL /afs/tu-berlin.de/home/b/barracuda1994/irb-ubuntu/ConSum/ComSum_8bits.vhd \
      EN work/ConSum_8bits 1479480778 CP HalfAdder CP ResultGen CP Selector1 \
      CP Selector2 CP Selector3
FL /afs/tu-berlin.de/home/b/barracuda1994/irb-ubuntu/ConSum/HalfAdder.vhd 2016/11/18.15:39:22 P.58f
EN work/HalfAdder 1479480768 \
      FL /afs/tu-berlin.de/home/b/barracuda1994/irb-ubuntu/ConSum/HalfAdder.vhd \
      PB ieee/std_logic_1164 1364358218
AR work/HalfAdder/Behavioral 1479480769 \
      FL /afs/tu-berlin.de/home/b/barracuda1994/irb-ubuntu/ConSum/HalfAdder.vhd \
      EN work/HalfAdder 1479480768
FL /afs/tu-berlin.de/home/b/barracuda1994/irb-ubuntu/ConSum/ResultGen.vhd 2016/11/18.15:40:54 P.58f
EN work/ResultGen 1479480770 \
      FL /afs/tu-berlin.de/home/b/barracuda1994/irb-ubuntu/ConSum/ResultGen.vhd \
      PB ieee/std_logic_1164 1364358218
AR work/ResultGen/Behavioral 1479480771 \
      FL /afs/tu-berlin.de/home/b/barracuda1994/irb-ubuntu/ConSum/ResultGen.vhd \
      EN work/ResultGen 1479480770
FL /afs/tu-berlin.de/home/b/barracuda1994/irb-ubuntu/ConSum/Selector1.vhd 2016/11/18.15:43:04 P.58f
EN work/Selector1 1479480772 \
      FL /afs/tu-berlin.de/home/b/barracuda1994/irb-ubuntu/ConSum/Selector1.vhd \
      PB ieee/std_logic_1164 1364358218
AR work/Selector1/Behavioral 1479480773 \
      FL /afs/tu-berlin.de/home/b/barracuda1994/irb-ubuntu/ConSum/Selector1.vhd \
      EN work/Selector1 1479480772
FL /afs/tu-berlin.de/home/b/barracuda1994/irb-ubuntu/ConSum/Selector2.vhd 2016/11/18.15:44:04 P.58f
EN work/Selector2 1479480774 \
      FL /afs/tu-berlin.de/home/b/barracuda1994/irb-ubuntu/ConSum/Selector2.vhd \
      PB ieee/std_logic_1164 1364358218
AR work/Selector2/Behavioral 1479480775 \
      FL /afs/tu-berlin.de/home/b/barracuda1994/irb-ubuntu/ConSum/Selector2.vhd \
      EN work/Selector2 1479480774
FL /afs/tu-berlin.de/home/b/barracuda1994/irb-ubuntu/ConSum/Selector3.vhd 2016/11/18.15:45:06 P.58f
EN work/Selector3 1479480776 \
      FL /afs/tu-berlin.de/home/b/barracuda1994/irb-ubuntu/ConSum/Selector3.vhd \
      PB ieee/std_logic_1164 1364358218
AR work/Selector3/Behavioral 1479480777 \
      FL /afs/tu-berlin.de/home/b/barracuda1994/irb-ubuntu/ConSum/Selector3.vhd \
      EN work/Selector3 1479480776
