EN fulladder NULL /afs/tu-berlin.de/home/b/barracuda1994/irb-ubuntu/Adders/FullAdder.vhd sub00/vhpl00 1479303556
AR adder8bits behavioral /afs/tu-berlin.de/home/b/barracuda1994/irb-ubuntu/Adders/Adder8Bits.vhd sub00/vhpl03 1479303559
EN adder8bits NULL /afs/tu-berlin.de/home/b/barracuda1994/irb-ubuntu/Adders/Adder8Bits.vhd sub00/vhpl02 1479303558
AR fulladder behavioral /afs/tu-berlin.de/home/b/barracuda1994/irb-ubuntu/Adders/FullAdder.vhd sub00/vhpl01 1479303557
