V3 7
FL /afs/tu-berlin.de/home/b/barracuda1994/irb-ubuntu/Adders/Adder8Bits.vhd 2016/11/16.14:39:08 P.58f
EN work/Adder8Bits 1479303558 \
      FL /afs/tu-berlin.de/home/b/barracuda1994/irb-ubuntu/Adders/Adder8Bits.vhd \
      PB ieee/std_logic_1164 1364358218
AR work/Adder8Bits/Behavioral 1479303559 \
      FL /afs/tu-berlin.de/home/b/barracuda1994/irb-ubuntu/Adders/Adder8Bits.vhd \
      EN work/Adder8Bits 1479303558 CP FullAdder
FL /afs/tu-berlin.de/home/b/barracuda1994/irb-ubuntu/Adders/FullAdder.vhd 2016/11/09.12:50:39 P.58f
EN work/FullAdder 1479303556 \
      FL /afs/tu-berlin.de/home/b/barracuda1994/irb-ubuntu/Adders/FullAdder.vhd \
      PB ieee/std_logic_1164 1364358218
AR work/FullAdder/Behavioral 1479303557 \
      FL /afs/tu-berlin.de/home/b/barracuda1994/irb-ubuntu/Adders/FullAdder.vhd \
      EN work/FullAdder 1479303556
