AR counter4to2 behavioral D:/FloatingPointMultiplier/Counter4to2.vhd sub00/vhpl03 1486558374
AR csa17bit behavioral D:/FloatingPointMultiplier/CSA17bit.vhd sub00/vhpl05 1486558388
EN floatingpointmulexe NULL D:/FloatingPointMultiplier/FloatingPointMulExe.vhd sub00/vhpl24 1486558395
EN selector1 NULL D:/FloatingPointMultiplier/Selector1.vhd sub00/vhpl10 1486558379
EN selector2 NULL D:/FloatingPointMultiplier/Selector2.vhd sub00/vhpl12 1486558381
EN selector3 NULL D:/FloatingPointMultiplier/Selector3.vhd sub00/vhpl14 1486558383
AR resultgen behavioral D:/FloatingPointMultiplier/ResultGen.vhd sub00/vhpl09 1486558378
EN halfadder NULL D:/FloatingPointMultiplier/HalfAdder.vhd sub00/vhpl06 1486558375
EN fulladder NULL D:/FloatingPointMultiplier/FullAdder.vhd sub00/vhpl00 1486558371
AR floatingpointmulexe behavioral D:/FloatingPointMultiplier/FloatingPointMulExe.vhd sub00/vhpl25 1486558396
AR partialprogen behavioral D:/FloatingPointMultiplier/PartialProGen.vhd sub00/vhpl17 1486558386
AR selector2 behavioral D:/FloatingPointMultiplier/Selector2.vhd sub00/vhpl13 1486558382
AR consum_8bits behavioral D:/FloatingPointMultiplier/ComSum_8bits.vhd sub00/vhpl23 1486558394
AR r4boothmultiplier behavioral D:/FloatingPointMultiplier/R4BoothMultiplier.vhd sub00/vhpl21 1486558392
EN counter4to2 NULL D:/FloatingPointMultiplier/Counter4to2.vhd sub00/vhpl02 1486558373
EN csa17bit NULL D:/FloatingPointMultiplier/CSA17bit.vhd sub00/vhpl04 1486558387
EN partialprogen NULL D:/FloatingPointMultiplier/PartialProGen.vhd sub00/vhpl16 1486558385
AR csa16bit behavioral D:/FloatingPointMultiplier/CSA16bit.vhd sub00/vhpl19 1486558390
EN r4boothmultiplier NULL D:/FloatingPointMultiplier/R4BoothMultiplier.vhd sub00/vhpl20 1486558391
EN consum_8bits NULL D:/FloatingPointMultiplier/ComSum_8bits.vhd sub00/vhpl22 1486558393
AR selector3 behavioral D:/FloatingPointMultiplier/Selector3.vhd sub00/vhpl15 1486558384
AR fulladder behavioral D:/FloatingPointMultiplier/FullAdder.vhd sub00/vhpl01 1486558372
AR halfadder behavioral D:/FloatingPointMultiplier/HalfAdder.vhd sub00/vhpl07 1486558376
AR selector1 behavioral D:/FloatingPointMultiplier/Selector1.vhd sub00/vhpl11 1486558380
EN csa16bit NULL D:/FloatingPointMultiplier/CSA16bit.vhd sub00/vhpl18 1486558389
EN resultgen NULL D:/FloatingPointMultiplier/ResultGen.vhd sub00/vhpl08 1486558377
