AR counter4to2 behavioral "D:/Yuan Zhang_ Shan Kuan_lab_assignment3/Yuan Zhang_ Shan Kuan_lab_assignment3/MultipleDivider/Counter4to2.vhd" sub00/vhpl11 1485422449
AR csa17bit behavioral "D:/Yuan Zhang_ Shan Kuan_lab_assignment3/Yuan Zhang_ Shan Kuan_lab_assignment3/MultipleDivider/CSA17bit.vhd" sub00/vhpl17 1485422457
AR goldschmidt_algorithm behavioral "D:/Yuan Zhang_ Shan Kuan_lab_assignment3/Yuan Zhang_ Shan Kuan_lab_assignment3/MultipleDivider/goldschmidt_algorithm.vhd" sub00/vhpl07 1485422469
EN recipocal_approximator NULL "D:/Yuan Zhang_ Shan Kuan_lab_assignment3/Yuan Zhang_ Shan Kuan_lab_assignment3/MultipleDivider/recipocal_approximator.vhd" sub00/vhpl00 1485422462
EN divider_control NULL "D:/Yuan Zhang_ Shan Kuan_lab_assignment3/Yuan Zhang_ Shan Kuan_lab_assignment3/MultipleDivider/divider_control.vhd" sub00/vhpl22 1485422460
EN cla NULL "D:/Yuan Zhang_ Shan Kuan_lab_assignment3/Yuan Zhang_ Shan Kuan_lab_assignment3/MultipleDivider/CLA.vhd" sub00/vhpl02 1485422450
EN halfadder NULL "D:/Yuan Zhang_ Shan Kuan_lab_assignment3/Yuan Zhang_ Shan Kuan_lab_assignment3/MultipleDivider/HalfAdder.vhd" sub00/vhpl14 1485422454
EN fulladder NULL "D:/Yuan Zhang_ Shan Kuan_lab_assignment3/Yuan Zhang_ Shan Kuan_lab_assignment3/MultipleDivider/FullAdder.vhd" sub00/vhpl08 1485422446
EN goldschmidt_algorithm NULL "D:/Yuan Zhang_ Shan Kuan_lab_assignment3/Yuan Zhang_ Shan Kuan_lab_assignment3/MultipleDivider/goldschmidt_algorithm.vhd" sub00/vhpl06 1485422468
AR recipocal_approximator behavioral "D:/Yuan Zhang_ Shan Kuan_lab_assignment3/Yuan Zhang_ Shan Kuan_lab_assignment3/MultipleDivider/recipocal_approximator.vhd" sub00/vhpl01 1485422463
AR partialprogen behavioral "D:/Yuan Zhang_ Shan Kuan_lab_assignment3/Yuan Zhang_ Shan Kuan_lab_assignment3/MultipleDivider/PartialProGen.vhd" sub00/vhpl13 1485422453
AR r4boothmultiplier behavioral "D:/Yuan Zhang_ Shan Kuan_lab_assignment3/Yuan Zhang_ Shan Kuan_lab_assignment3/MultipleDivider/R4BoothMultiplier.vhd" sub00/vhpl21 1485422465
EN counter4to2 NULL "D:/Yuan Zhang_ Shan Kuan_lab_assignment3/Yuan Zhang_ Shan Kuan_lab_assignment3/MultipleDivider/Counter4to2.vhd" sub00/vhpl10 1485422448
EN csa17bit NULL "D:/Yuan Zhang_ Shan Kuan_lab_assignment3/Yuan Zhang_ Shan Kuan_lab_assignment3/MultipleDivider/CSA17bit.vhd" sub00/vhpl16 1485422456
EN partialprogen NULL "D:/Yuan Zhang_ Shan Kuan_lab_assignment3/Yuan Zhang_ Shan Kuan_lab_assignment3/MultipleDivider/PartialProGen.vhd" sub00/vhpl12 1485422452
AR claadder16bits behavioral "D:/Yuan Zhang_ Shan Kuan_lab_assignment3/Yuan Zhang_ Shan Kuan_lab_assignment3/MultipleDivider/CLAAdder16Bits.vhd" sub00/vhpl05 1485422467
AR csa16bit behavioral "D:/Yuan Zhang_ Shan Kuan_lab_assignment3/Yuan Zhang_ Shan Kuan_lab_assignment3/MultipleDivider/CSA16bit.vhd" sub00/vhpl19 1485422459
EN claadder16bits NULL "D:/Yuan Zhang_ Shan Kuan_lab_assignment3/Yuan Zhang_ Shan Kuan_lab_assignment3/MultipleDivider/CLAAdder16Bits.vhd" sub00/vhpl04 1485422466
AR cla behavioral "D:/Yuan Zhang_ Shan Kuan_lab_assignment3/Yuan Zhang_ Shan Kuan_lab_assignment3/MultipleDivider/CLA.vhd" sub00/vhpl03 1485422451
EN r4boothmultiplier NULL "D:/Yuan Zhang_ Shan Kuan_lab_assignment3/Yuan Zhang_ Shan Kuan_lab_assignment3/MultipleDivider/R4BoothMultiplier.vhd" sub00/vhpl20 1485422464
AR fulladder behavioral "D:/Yuan Zhang_ Shan Kuan_lab_assignment3/Yuan Zhang_ Shan Kuan_lab_assignment3/MultipleDivider/FullAdder.vhd" sub00/vhpl09 1485422447
AR halfadder behavioral "D:/Yuan Zhang_ Shan Kuan_lab_assignment3/Yuan Zhang_ Shan Kuan_lab_assignment3/MultipleDivider/HalfAdder.vhd" sub00/vhpl15 1485422455
AR divider_control behavioral "D:/Yuan Zhang_ Shan Kuan_lab_assignment3/Yuan Zhang_ Shan Kuan_lab_assignment3/MultipleDivider/divider_control.vhd" sub00/vhpl23 1485422461
EN csa16bit NULL "D:/Yuan Zhang_ Shan Kuan_lab_assignment3/Yuan Zhang_ Shan Kuan_lab_assignment3/MultipleDivider/CSA16bit.vhd" sub00/vhpl18 1485422458
